Archive member included to satisfy reference by file (symbol)

/Applications/VEXcode V5 Text.app/Contents/Resources/sdk/vexv5/libv5rt.a(v5_startup.c.obj)
                              (vexStartup)
/Applications/VEXcode V5 Text.app/Contents/Resources/sdk/vexv5/libv5rt.a(v5_util.c.obj)
                              /Applications/VEXcode V5 Text.app/Contents/Resources/sdk/vexv5/libv5rt.a(v5_startup.c.obj) (vexStdlibVersionLinked)
/Applications/VEXcode V5 Text.app/Contents/Resources/sdk/vexv5/libv5rt.a(v5_apijump.c.obj)
                              /Applications/VEXcode V5 Text.app/Contents/Resources/sdk/vexv5/libv5rt.a(v5_startup.c.obj) (vexPrivateApiEnable)
/Applications/VEXcode V5 Text.app/Contents/Resources/sdk/vexv5/libv5rt.a(v5_apiversions.c.obj)
                              /Applications/VEXcode V5 Text.app/Contents/Resources/sdk/vexv5/libv5rt.a(v5_apijump.c.obj) (vexSystemVersion)
/Applications/VEXcode V5 Text.app/Contents/Resources/sdk/vexv5/libv5rt.a(vex_global.cpp.obj)
                              build/src/main.o (vex::wait(double, vex::timeUnits))
/Applications/VEXcode V5 Text.app/Contents/Resources/sdk/vexv5/libv5rt.a(vex_motor.cpp.obj)
                              build/src/robot-config.o (vex::motor::~motor())
/Applications/VEXcode V5 Text.app/Contents/Resources/sdk/vexv5/libv5rt.a(vex_controller.cpp.obj)
                              build/src/robot-config.o (vex::controller::~controller())
/Applications/VEXcode V5 Text.app/Contents/Resources/sdk/vexv5/libv5rt.a(vex_task.cpp.obj)
                              build/src/auton.o (vex::task::sleep(unsigned long))
/Applications/VEXcode V5 Text.app/Contents/Resources/sdk/vexv5/libv5rt.a(vex_thread.cpp.obj)
                              /Applications/VEXcode V5 Text.app/Contents/Resources/sdk/vexv5/libv5rt.a(vex_global.cpp.obj) (vex::this_thread::sleep_for(unsigned long))
/Applications/VEXcode V5 Text.app/Contents/Resources/sdk/vexv5/libv5rt.a(vex_event.cpp.obj)
                              /Applications/VEXcode V5 Text.app/Contents/Resources/sdk/vexv5/libv5rt.a(vex_controller.cpp.obj) (vex::event::init(unsigned long, unsigned long, void (*)()))
/Applications/VEXcode V5 Text.app/Contents/Resources/sdk/vexv5/libv5rt.a(vex_mevent.cpp.obj)
                              /Applications/VEXcode V5 Text.app/Contents/Resources/sdk/vexv5/libv5rt.a(vex_controller.cpp.obj) (vex::mevent::mevent(unsigned long, unsigned long))
/Applications/VEXcode V5 Text.app/Contents/Resources/sdk/vexv5/libv5rt.a(vex_brain.cpp.obj)
                              build/src/robot-config.o (vex::brain::~brain())
/Applications/VEXcode V5 Text.app/Contents/Resources/sdk/vexv5/libv5rt.a(vex_triport.cpp.obj)
                              /Applications/VEXcode V5 Text.app/Contents/Resources/sdk/vexv5/libv5rt.a(vex_brain.cpp.obj) (vex::triport::~triport())
/Applications/VEXcode V5 Text.app/Contents/Resources/sdk/vexv5/libv5rt.a(vex_color.cpp.obj)
                              /Applications/VEXcode V5 Text.app/Contents/Resources/sdk/vexv5/libv5rt.a(vex_brain.cpp.obj) (vex::color::operator unsigned long() const)
/Applications/VEXcode V5 Text.app/Contents/Resources/sdk/vexv5/libv5rt.a(vex_timer.cpp.obj)
                              /Applications/VEXcode V5 Text.app/Contents/Resources/sdk/vexv5/libv5rt.a(vex_brain.cpp.obj) (vex::timer::~timer())
/Applications/VEXcode V5 Text.app/Contents/Resources/sdk/vexv5/libv5rt.a(vex_motorgroup.cpp.obj)
                              build/src/main.o (vex::motor_group::motor_group())
/Applications/VEXcode V5 Text.app/Contents/Resources/sdk/vexv5/libv5rt.a(vex_drivetrain.cpp.obj)
                              build/src/main.o (vex::drivetrain::driveFor(vex::directionType, double, vex::distanceUnits, double, vex::velocityUnits, bool))
/Applications/VEXcode V5 Text.app/Contents/Resources/sdk/vexv5/libv5rt.a(vex_smartdrive.cpp.obj)
                              build/src/main.o (vex::smartdrive::smartdrive(vex::motor&, vex::motor&, vex::gyro&, double, double, double, vex::distanceUnits, double))
/Applications/VEXcode V5 Text.app/Contents/Resources/sdk/vexv5/libv5rt.a(v5_apiuser.c.obj)
                              /Applications/VEXcode V5 Text.app/Contents/Resources/sdk/vexv5/libv5rt.a(vex_triport.cpp.obj) (vexAdiPortConfigSet)
/Applications/VEXcode V5 Text.app/Contents/Resources/sdk/vexv5/libv5rt.a(vex_device.cpp.obj)
                              /Applications/VEXcode V5 Text.app/Contents/Resources/sdk/vexv5/libv5rt.a(vex_triport.cpp.obj) (vex::device::value())
/Applications/VEXcode V5 Text.app/Contents/Resources/sdk/vexv5/gcc/libs/libc.a(lib_a-fini.o)
                              /Applications/VEXcode V5 Text.app/Contents/Resources/sdk/vexv5/libv5rt.a(v5_startup.c.obj) (__libc_fini_array)
/Applications/VEXcode V5 Text.app/Contents/Resources/sdk/vexv5/gcc/libs/libc.a(lib_a-impure.o)
                              /Applications/VEXcode V5 Text.app/Contents/Resources/sdk/vexv5/libv5rt.a(v5_startup.c.obj) (_impure_ptr)
[...]
Memory Configuration

Name             Origin             Length             Attributes
ps7_ddr_0_S_AXI_BASEADDR 0x0000000003800000 0x0000000004800000
*default*        0x0000000000000000 0xffffffffffffffff

Linker script and memory map

                0x0000000000002000                _STACK_SIZE = DEFINED (_STACK_SIZE)?_STACK_SIZE:0x2000
                0x0000000000100000                _HEAP_SIZE = DEFINED (_HEAP_SIZE)?_HEAP_SIZE:0x100000
                0x0000000000000400                _ABORT_STACK_SIZE = DEFINED (_ABORT_STACK_SIZE)?_ABORT_STACK_SIZE:0x400
                0x0000000000000800                _SUPERVISOR_STACK_SIZE = DEFINED (_SUPERVISOR_STACK_SIZE)?_SUPERVISOR_STACK_SIZE:0x800
                0x0000000000000400                _IRQ_STACK_SIZE = DEFINED (_IRQ_STACK_SIZE)?_IRQ_STACK_SIZE:0x400
                0x0000000000000400                _FIQ_STACK_SIZE = DEFINED (_FIQ_STACK_SIZE)?_FIQ_STACK_SIZE:0x400
                0x0000000000000400                _UNDEF_STACK_SIZE = DEFINED (_UNDEF_STACK_SIZE)?_UNDEF_STACK_SIZE:0x400

.text           0x0000000003800000     0x3508
 *(.vectors)
 *(.boot_data)
 .boot_data     0x0000000003800000       0x20 /Applications/VEXcode V5 Text.app/Contents/Resources/sdk/vexv5/libv5rt.a(v5_startup.c.obj)
                0x0000000003800000                vexCodeSig
                0x0000000000000020                . = 0x20
 *(.boot)
 .boot          0x0000000003800020       0xbc /Applications/VEXcode V5 Text.app/Contents/Resources/sdk/vexv5/libv5rt.a(v5_startup.c.obj)
                0x0000000003800020                vexStartup
                0x0000000003800100                . = ALIGN (0x40)
 *fill*         0x00000000038000dc       0x24 
 *(.freertos_vectors)
 *(.text)
 *(.text.*)
 .text._Z6Fasterv
                0x0000000003800100       0x38 build/src/main.o
                0x0000000003800100                Faster()
 .text._Z6Slowerv
                0x0000000003800138       0x54 build/src/main.o
                0x0000000003800138                Slower()
 *fill*         0x000000000380018c        0x4 
 .text.main     0x0000000003800190      0x290 build/src/main.o
                0x0000000003800190                main
 .text._GLOBAL__sub_I_main.cpp
                0x0000000003800420       0xec build/src/main.o
 .text._Z11vexcodeInitv
                0x000000000380050c        0x4 build/src/robot-config.o
                0x000000000380050c                vexcodeInit()
 .text._GLOBAL__sub_I_robot_config.cpp
                0x0000000003800510      0x1a4 build/src/robot-config.o
 .text.vexMain  0x00000000038006b4       0xb0 /Applications/VEXcode V5 Text.app/Contents/Resources/sdk/vexv5/libv5rt.a(v5_startup.c.obj)
                0x00000000038006b4                vexMain
 .text.__vex_function_prolog
                0x0000000003800764       0x18 /Applications/VEXcode V5 Text.app/Contents/Resources/sdk/vexv5/libv5rt.a(v5_startup.c.obj)
                0x0000000003800764                __vex_function_prolog
 .text._init    0x000000000380077c        0x4 /Applications/VEXcode V5 Text.app/Contents/Resources/sdk/vexv5/libv5rt.a(v5_startup.c.obj)
                0x000000000380077c                _init
 .text._fini    0x0000000003800780        0x4 /Applications/VEXcode V5 Text.app/Contents/Resources/sdk/vexv5/libv5rt.a(v5_startup.c.obj)
                0x0000000003800780                _fini
 .text.vexStdlibVersionLinked
                0x0000000003800784        0xc /Applications/VEXcode V5 Text.app/Contents/Resources/sdk/vexv5/libv5rt.a(v5_util.c.obj)
                0x0000000003800784                vexStdlibVersionLinked
 .text.vexStdlibVersionVerify
                0x0000000003800790       0x30 /Applications/VEXcode V5 Text.app/Contents/Resources/sdk/vexv5/libv5rt.a(v5_util.c.obj)
                0x0000000003800790                vexStdlibVersionVerify
 .text.vexPrivateApiEnable
                0x00000000038007c0       0x10 /Applications/VEXcode V5 Text.app/Contents/Resources/sdk/vexv5/libv5rt.a(v5_apijump.c.obj)
                0x00000000038007c0                vexPrivateApiEnable
 .text.vexStdlibMismatchError
                0x00000000038007d0       0x3c /Applications/VEXcode V5 Text.app/Contents/Resources/sdk/vexv5/libv5rt.a(v5_apijump.c.obj)
                0x00000000038007d0                vexStdlibMismatchError
 .text.vexTaskAdd
                0x000000000380080c       0x10 /Applications/VEXcode V5 Text.app/Contents/Resources/sdk/vexv5/libv5rt.a(v5_apijump.c.obj)
                0x000000000380080c                vexTaskAdd
 .text.vexTasksRun
                0x000000000380081c       0x10 /Applications/VEXcode V5 Text.app/Contents/Resources/sdk/vexv5/libv5rt.a(v5_apijump.c.obj)
                0x000000000380081c                vexTasksRun
 .text.vexTaskCheckTimeslice
                0x000000000380082c       0x10 /Applications/VEXcode V5 Text.app/Contents/Resources/sdk/vexv5/libv5rt.a(v5_apijump.c.obj)
                0x000000000380082c                vexTaskCheckTimeslice
 .text.vexTaskSleep
                0x000000000380083c       0x10 /Applications/VEXcode V5 Text.app/Contents/Resources/sdk/vexv5/libv5rt.a(v5_apijump.c.obj)
                0x000000000380083c                vexTaskSleep
 .text.vexTasksDump
                0x000000000380084c       0x1c /Applications/VEXcode V5 Text.app/Contents/Resources/sdk/vexv5/libv5rt.a(v5_apijump.c.obj)
                0x000000000380084c                vexTasksDump
 .text.vexTaskGetTaskIndex
                0x0000000003800868       0x10 /Applications/VEXcode V5 Text.app/Contents/Resources/sdk/vexv5/libv5rt.a(v5_apijump.c.obj)
                0x0000000003800868                vexTaskGetTaskIndex
 .text.vexTaskStopAll
                0x0000000003800878       0x10 /Applications/VEXcode V5 Text.app/Contents/Resources/sdk/vexv5/libv5rt.a(v5_apijump.c.obj)
                0x0000000003800878                vexTaskStopAll
 .text.vexTaskCompletionIdSet
                0x0000000003800888       0x10 /Applications/VEXcode V5 Text.app/Contents/Resources/sdk/vexv5/libv5rt.a(v5_apijump.c.obj)
                0x0000000003800888                vexTaskCompletionIdSet
 .text.vexTaskAddWithArg
                0x0000000003800898       0x10 /Applications/VEXcode V5 Text.app/Contents/Resources/sdk/vexv5/libv5rt.a(v5_apijump.c.obj)
                0x0000000003800898                vexTaskAddWithArg
 .text.vexTaskStopWithId
                0x00000000038008a8       0x10 /Applications/VEXcode V5 Text.app/Contents/Resources/sdk/vexv5/libv5rt.a(v5_apijump.c.obj)
                0x00000000038008a8                vexTaskStopWithId
 .text.vexCriticalSection
                0x00000000038008b8       0x2c /Applications/VEXcode V5 Text.app/Contents/Resources/sdk/vexv5/libv5rt.a(v5_apijump.c.obj)
                0x00000000038008b8                vexCriticalSection
 .text.vexEventAdd
                0x00000000038008e4       0x34 /Applications/VEXcode V5 Text.app/Contents/Resources/sdk/vexv5/libv5rt.a(v5_apijump.c.obj)
                0x00000000038008e4                vexEventAdd
 .text.vexEventUserIndexGet
                0x0000000003800918       0x1c /Applications/VEXcode V5 Text.app/Contents/Resources/sdk/vexv5/libv5rt.a(v5_apijump.c.obj)
                0x0000000003800918                vexEventUserIndexGet
 .text.vexDebug
                0x0000000003800934       0x38 /Applications/VEXcode V5 Text.app/Contents/Resources/sdk/vexv5/libv5rt.a(v5_apijump.c.obj)
                0x0000000003800934                vexDebug
 .text.vex_vsnprintf
                0x000000000380096c       0x3c /Applications/VEXcode V5 Text.app/Contents/Resources/sdk/vexv5/libv5rt.a(v5_apijump.c.obj)
                0x000000000380096c                vex_vsnprintf
 .text.vexSystemTimeGet
                0x00000000038009a8       0x1c /Applications/VEXcode V5 Text.app/Contents/Resources/sdk/vexv5/libv5rt.a(v5_apijump.c.obj)
                0x00000000038009a8                vexSystemTimeGet
 .text.vexSystemExitRequest
                0x00000000038009c4       0x1c /Applications/VEXcode V5 Text.app/Contents/Resources/sdk/vexv5/libv5rt.a(v5_apijump.c.obj)
                0x00000000038009c4                vexSystemExitRequest
 .text.vexDeviceGetByIndex
                0x00000000038009e0       0x24 /Applications/VEXcode V5 Text.app/Contents/Resources/sdk/vexv5/libv5rt.a(v5_apijump.c.obj)
                0x00000000038009e0                vexDeviceGetByIndex
 .text.vexControllerGet
                0x0000000003800a04       0x2c /Applications/VEXcode V5 Text.app/Contents/Resources/sdk/vexv5/libv5rt.a(v5_apijump.c.obj)
                0x0000000003800a04                vexControllerGet
 .text.vexDeviceAdiPortConfigSet
                0x0000000003800a30       0x34 /Applications/VEXcode V5 Text.app/Contents/Resources/sdk/vexv5/libv5rt.a(v5_apijump.c.obj)
                0x0000000003800a30                vexDeviceAdiPortConfigSet
 .text.vexDeviceAdiPortConfigGet
                0x0000000003800a64       0x2c /Applications/VEXcode V5 Text.app/Contents/Resources/sdk/vexv5/libv5rt.a(v5_apijump.c.obj)
                0x0000000003800a64                vexDeviceAdiPortConfigGet
 .text.vexDeviceAdiValueGet
                0x0000000003800a90       0x2c /Applications/VEXcode V5 Text.app/Contents/Resources/sdk/vexv5/libv5rt.a(v5_apijump.c.obj)
                0x0000000003800a90                vexDeviceAdiValueGet
 .text.vexDeviceMotorVelocitySet
                0x0000000003800abc       0x2c /Applications/VEXcode V5 Text.app/Contents/Resources/sdk/vexv5/libv5rt.a(v5_apijump.c.obj)
                0x0000000003800abc                vexDeviceMotorVelocitySet
 .text.vexDeviceMotorActualVelocityGet
                0x0000000003800ae8       0x24 /Applications/VEXcode V5 Text.app/Contents/Resources/sdk/vexv5/libv5rt.a(v5_apijump.c.obj)
                0x0000000003800ae8                vexDeviceMotorActualVelocityGet
 .text.vexDeviceMotorZeroPositionFlagGet
                0x0000000003800b0c       0x24 /Applications/VEXcode V5 Text.app/Contents/Resources/sdk/vexv5/libv5rt.a(v5_apijump.c.obj)
                0x0000000003800b0c                vexDeviceMotorZeroPositionFlagGet
 .text.vexDeviceMotorReverseFlagSet
                0x0000000003800b30       0x2c /Applications/VEXcode V5 Text.app/Contents/Resources/sdk/vexv5/libv5rt.a(v5_apijump.c.obj)
                0x0000000003800b30                vexDeviceMotorReverseFlagSet
 .text.vexDeviceMotorEncoderUnitsSet
                0x0000000003800b5c       0x2c /Applications/VEXcode V5 Text.app/Contents/Resources/sdk/vexv5/libv5rt.a(v5_apijump.c.obj)
                0x0000000003800b5c                vexDeviceMotorEncoderUnitsSet
 .text.vexDeviceMotorBrakeModeSet
                0x0000000003800b88       0x2c /Applications/VEXcode V5 Text.app/Contents/Resources/sdk/vexv5/libv5rt.a(v5_apijump.c.obj)
                0x0000000003800b88                vexDeviceMotorBrakeModeSet
 .text.vexDeviceMotorPositionSet
                0x0000000003800bb4       0x34 /Applications/VEXcode V5 Text.app/Contents/Resources/sdk/vexv5/libv5rt.a(v5_apijump.c.obj)
                0x0000000003800bb4                vexDeviceMotorPositionSet
 .text.vexDeviceMotorPositionGet
                0x0000000003800be8       0x24 /Applications/VEXcode V5 Text.app/Contents/Resources/sdk/vexv5/libv5rt.a(v5_apijump.c.obj)
                0x0000000003800be8                vexDeviceMotorPositionGet
 .text.vexDeviceMotorRelativeTargetSet
                0x0000000003800c0c       0x3c /Applications/VEXcode V5 Text.app/Contents/Resources/sdk/vexv5/libv5rt.a(v5_apijump.c.obj)
                0x0000000003800c0c                vexDeviceMotorRelativeTargetSet
 .text.vexDeviceMotorGearingSet
                0x0000000003800c48       0x2c /Applications/VEXcode V5 Text.app/Contents/Resources/sdk/vexv5/libv5rt.a(v5_apijump.c.obj)
                0x0000000003800c48                vexDeviceMotorGearingSet
 .text.vexDeviceMotorGearingGet
                0x0000000003800c74       0x24 /Applications/VEXcode V5 Text.app/Contents/Resources/sdk/vexv5/libv5rt.a(v5_apijump.c.obj)
                0x0000000003800c74                vexDeviceMotorGearingGet
 .text.vexDisplayForegroundColor
                0x0000000003800c98       0x24 /Applications/VEXcode V5 Text.app/Contents/Resources/sdk/vexv5/libv5rt.a(v5_apijump.c.obj)
                0x0000000003800c98                vexDisplayForegroundColor
 .text.vexDisplayBackgroundColor
                0x0000000003800cbc       0x24 /Applications/VEXcode V5 Text.app/Contents/Resources/sdk/vexv5/libv5rt.a(v5_apijump.c.obj)
                0x0000000003800cbc                vexDisplayBackgroundColor
 .text.vexDisplayPrintf
                0x0000000003800ce0       0x68 /Applications/VEXcode V5 Text.app/Contents/Resources/sdk/vexv5/libv5rt.a(v5_apijump.c.obj)
                0x0000000003800ce0                vexDisplayPrintf
 .text.vexDisplayTextReference
                0x0000000003800d48       0x24 /Applications/VEXcode V5 Text.app/Contents/Resources/sdk/vexv5/libv5rt.a(v5_apijump.c.obj)
                0x0000000003800d48                vexDisplayTextReference
 .text.vexDisplayTextSize
                0x0000000003800d6c       0x2c /Applications/VEXcode V5 Text.app/Contents/Resources/sdk/vexv5/libv5rt.a(v5_apijump.c.obj)
                0x0000000003800d6c                vexDisplayTextSize
 .text.vexDisplayFontNamedSet
                0x0000000003800d98       0x24 /Applications/VEXcode V5 Text.app/Contents/Resources/sdk/vexv5/libv5rt.a(v5_apijump.c.obj)
                0x0000000003800d98                vexDisplayFontNamedSet
 .text.vexSystemStdlibImpureDataAddr
                0x0000000003800dbc       0x28 /Applications/VEXcode V5 Text.app/Contents/Resources/sdk/vexv5/libv5rt.a(v5_apijump.c.obj)
                0x0000000003800dbc                vexSystemStdlibImpureDataAddr
 .text.vexSystemStdlibImpureDataSize
                0x0000000003800de4       0x28 /Applications/VEXcode V5 Text.app/Contents/Resources/sdk/vexv5/libv5rt.a(v5_apijump.c.obj)
                0x0000000003800de4                vexSystemStdlibImpureDataSize
 .text.vexSystemSaveUserData
                0x0000000003800e0c       0x3c /Applications/VEXcode V5 Text.app/Contents/Resources/sdk/vexv5/libv5rt.a(v5_apijump.c.obj)
                0x0000000003800e0c                vexSystemSaveUserData
 .text.vexDisplayThemeIdGet
                0x0000000003800e48       0x38 /Applications/VEXcode V5 Text.app/Contents/Resources/sdk/vexv5/libv5rt.a(v5_apijump.c.obj)
                0x0000000003800e48                vexDisplayThemeIdGet
 .text.vexDeviceEventMaskSet
                0x0000000003800e80       0x48 /Applications/VEXcode V5 Text.app/Contents/Resources/sdk/vexv5/libv5rt.a(v5_apijump.c.obj)
                0x0000000003800e80                vexDeviceEventMaskSet
 .text.vexDeviceEventMaskGet
                0x0000000003800ec8       0x3c /Applications/VEXcode V5 Text.app/Contents/Resources/sdk/vexv5/libv5rt.a(v5_apijump.c.obj)
                0x0000000003800ec8                vexDeviceEventMaskGet
 .text.vexSystemVersion
                0x0000000003800f04       0x10 /Applications/VEXcode V5 Text.app/Contents/Resources/sdk/vexv5/libv5rt.a(v5_apiversions.c.obj)
                0x0000000003800f04                vexSystemVersion
 .text.vexStdlibVersion
                0x0000000003800f14       0x10 /Applications/VEXcode V5 Text.app/Contents/Resources/sdk/vexv5/libv5rt.a(v5_apiversions.c.obj)
                0x0000000003800f14                vexStdlibVersion
 .text._ZN3vex5motor9installedEv
                0x0000000003800f24       0x18 /Applications/VEXcode V5 Text.app/Contents/Resources/sdk/vexv5/libv5rt.a(vex_motor.cpp.obj)
                0x0000000003800f24                vex::motor::installed()
 .text._ZN3vex5motorD2Ev
                0x0000000003800f3c       0x20 /Applications/VEXcode V5 Text.app/Contents/Resources/sdk/vexv5/libv5rt.a(vex_motor.cpp.obj)
                0x0000000003800f3c                vex::motor::~motor()
                0x0000000003800f3c                vex::motor::~motor()
 .text._ZN3vex5motor15defaultStoppingENS_9brakeTypeE
                0x0000000003800f5c       0x30 /Applications/VEXcode V5 Text.app/Contents/Resources/sdk/vexv5/libv5rt.a(vex_motor.cpp.obj)
                0x0000000003800f5c                vex::motor::defaultStopping(vex::brakeType)
 .text._ZN3vex5motorC2El
                0x0000000003800f8c       0x78 /Applications/VEXcode V5 Text.app/Contents/Resources/sdk/vexv5/libv5rt.a(vex_motor.cpp.obj)
                0x0000000003800f8c                vex::motor::motor(long)
                0x0000000003800f8c                vex::motor::motor(long)
 .text._ZN3vex5motorC2ElNS_11gearSettingEb
                0x0000000003801004       0x34 /Applications/VEXcode V5 Text.app/Contents/Resources/sdk/vexv5/libv5rt.a(vex_motor.cpp.obj)
                0x0000000003801004                vex::motor::motor(long, vex::gearSetting, bool)
                0x0000000003801004                vex::motor::motor(long, vex::gearSetting, bool)
 .text._ZN3vex5motor10isSpinningEv
                0x0000000003801038       0x38 /Applications/VEXcode V5 Text.app/Contents/Resources/sdk/vexv5/libv5rt.a(vex_motor.cpp.obj)
                0x0000000003801038                vex::motor::isSpinning()
 .text._ZN3vex5motor4stopENS_9brakeTypeE
                0x0000000003801070       0x30 /Applications/VEXcode V5 Text.app/Contents/Resources/sdk/vexv5/libv5rt.a(vex_motor.cpp.obj)
                0x0000000003801070                vex::motor::stop(vex::brakeType)
 .text._ZN3vex5motor4stopEv
                0x00000000038010a0        0x8 /Applications/VEXcode V5 Text.app/Contents/Resources/sdk/vexv5/libv5rt.a(vex_motor.cpp.obj)
                0x00000000038010a0                vex::motor::stop()
 .text._ZN3vex5motor16velocityToScaledEdNS_13velocityUnitsE
                0x00000000038010a8       0x5c /Applications/VEXcode V5 Text.app/Contents/Resources/sdk/vexv5/libv5rt.a(vex_motor.cpp.obj)
                0x00000000038010a8                vex::motor::velocityToScaled(double, vex::velocityUnits)
 .text._ZN3vex5motor8velocityENS_13velocityUnitsE
                0x0000000003801104       0x30 /Applications/VEXcode V5 Text.app/Contents/Resources/sdk/vexv5/libv5rt.a(vex_motor.cpp.obj)
                0x0000000003801104                vex::motor::velocity(vex::velocityUnits)
 .text._ZN3vex5motor5valueEv
                0x0000000003801134       0x1c /Applications/VEXcode V5 Text.app/Contents/Resources/sdk/vexv5/libv5rt.a(vex_motor.cpp.obj)
                0x0000000003801134                vex::motor::value()
 .text._ZN3vex5motor16scaledToVelocityEdNS_13velocityUnitsE
                0x0000000003801150       0xa4 /Applications/VEXcode V5 Text.app/Contents/Resources/sdk/vexv5/libv5rt.a(vex_motor.cpp.obj)
                0x0000000003801150                vex::motor::scaledToVelocity(double, vex::velocityUnits)
 .text._ZN3vex5motor4spinENS_13directionTypeEdNS_13velocityUnitsE
                0x00000000038011f4       0x5c /Applications/VEXcode V5 Text.app/Contents/Resources/sdk/vexv5/libv5rt.a(vex_motor.cpp.obj)
                0x00000000038011f4                vex::motor::spin(vex::directionType, double, vex::velocityUnits)
 .text._ZN3vex5motor4spinENS_13directionTypeE
                0x0000000003801250       0x28 /Applications/VEXcode V5 Text.app/Contents/Resources/sdk/vexv5/libv5rt.a(vex_motor.cpp.obj)
                0x0000000003801250                vex::motor::spin(vex::directionType)
 .text._ZN3vex5motor11setVelocityEdNS_13velocityUnitsE
                0x0000000003801278       0x54 /Applications/VEXcode V5 Text.app/Contents/Resources/sdk/vexv5/libv5rt.a(vex_motor.cpp.obj)
                0x0000000003801278                vex::motor::setVelocity(double, vex::velocityUnits)
 .text._ZN3vex5motor16setRotationUnitsENS_13rotationUnitsE
                0x00000000038012cc       0x1c /Applications/VEXcode V5 Text.app/Contents/Resources/sdk/vexv5/libv5rt.a(vex_motor.cpp.obj)
                0x00000000038012cc                vex::motor::setRotationUnits(vex::rotationUnits)
 .text._ZN3vex5motor11setRotationEdNS_13rotationUnitsE
                0x00000000038012e8       0x44 /Applications/VEXcode V5 Text.app/Contents/Resources/sdk/vexv5/libv5rt.a(vex_motor.cpp.obj)
                0x00000000038012e8                vex::motor::setRotation(double, vex::rotationUnits)
 .text._ZN3vex5motor11setPositionEdNS_13rotationUnitsE
                0x000000000380132c        0x4 /Applications/VEXcode V5 Text.app/Contents/Resources/sdk/vexv5/libv5rt.a(vex_motor.cpp.obj)
                0x000000000380132c                vex::motor::setPosition(double, vex::rotationUnits)
 .text._ZN3vex5motor9rotateForEdNS_13rotationUnitsEdNS_13velocityUnitsEb
                0x0000000003801330       0xe0 /Applications/VEXcode V5 Text.app/Contents/Resources/sdk/vexv5/libv5rt.a(vex_motor.cpp.obj)
                0x0000000003801330                vex::motor::rotateFor(double, vex::rotationUnits, double, vex::velocityUnits, bool)
 .text._ZN3vex5motor9rotateForENS_13directionTypeEdNS_13rotationUnitsEdNS_13velocityUnitsEb
                0x0000000003801410       0x34 /Applications/VEXcode V5 Text.app/Contents/Resources/sdk/vexv5/libv5rt.a(vex_motor.cpp.obj)
                0x0000000003801410                vex::motor::rotateFor(vex::directionType, double, vex::rotationUnits, double, vex::velocityUnits, bool)
 .text._ZN3vex5motor8rotationENS_13rotationUnitsE
                0x0000000003801444       0x44 /Applications/VEXcode V5 Text.app/Contents/Resources/sdk/vexv5/libv5rt.a(vex_motor.cpp.obj)
                0x0000000003801444                vex::motor::rotation(vex::rotationUnits)
 .text._ZN3vex10controllerD2Ev
                0x0000000003801488        0x4 /Applications/VEXcode V5 Text.app/Contents/Resources/sdk/vexv5/libv5rt.a(vex_controller.cpp.obj)
                0x0000000003801488                vex::controller::~controller()
                0x0000000003801488                vex::controller::~controller()
 .text._ZN3vex10controller5valueE19_V5_ControllerIndex
                0x000000000380148c        0x8 /Applications/VEXcode V5 Text.app/Contents/Resources/sdk/vexv5/libv5rt.a(vex_controller.cpp.obj)
                0x000000000380148c                vex::controller::value(_V5_ControllerIndex)
 .text._ZN3vex10controller6button8pressingEv
                0x0000000003801494       0xc8 /Applications/VEXcode V5 Text.app/Contents/Resources/sdk/vexv5/libv5rt.a(vex_controller.cpp.obj)
                0x0000000003801494                vex::controller::button::pressing()
 .text._ZN3vex10controller6button7pressedEPFvvE
                0x000000000380155c      0x108 /Applications/VEXcode V5 Text.app/Contents/Resources/sdk/vexv5/libv5rt.a(vex_controller.cpp.obj)
                0x000000000380155c                vex::controller::button::pressed(void (*)())
 .text._ZN3vex10controller6button21_buttonToPressedEventEv
                0x0000000003801664       0x20 /Applications/VEXcode V5 Text.app/Contents/Resources/sdk/vexv5/libv5rt.a(vex_controller.cpp.obj)
                0x0000000003801664                vex::controller::button::_buttonToPressedEvent()
 .text._ZN3vex10controller6button22_buttonToReleasedEventEv
                0x0000000003801684       0x20 /Applications/VEXcode V5 Text.app/Contents/Resources/sdk/vexv5/libv5rt.a(vex_controller.cpp.obj)
                0x0000000003801684                vex::controller::button::_buttonToReleasedEvent()
 .text._ZN3vex10controller6buttonC2ENS0_11tButtonTypeEPS0_
                0x00000000038016a4       0x48 /Applications/VEXcode V5 Text.app/Contents/Resources/sdk/vexv5/libv5rt.a(vex_controller.cpp.obj)
                0x00000000038016a4                vex::controller::button::button(vex::controller::tButtonType, vex::controller*)
                0x00000000038016a4                vex::controller::button::button(vex::controller::tButtonType, vex::controller*)
 .text._ZN3vex10controller4axis5valueEv
                0x00000000038016ec       0x58 /Applications/VEXcode V5 Text.app/Contents/Resources/sdk/vexv5/libv5rt.a(vex_controller.cpp.obj)
                0x00000000038016ec                vex::controller::axis::value()
 .text._ZN3vex10controller4axis8positionENS_12percentUnitsE
                0x0000000003801744       0x1c /Applications/VEXcode V5 Text.app/Contents/Resources/sdk/vexv5/libv5rt.a(vex_controller.cpp.obj)
                0x0000000003801744                vex::controller::axis::position(vex::percentUnits)
 .text._ZN3vex10controller4axis23_joystickToChangedEventEv
                0x0000000003801760       0x20 /Applications/VEXcode V5 Text.app/Contents/Resources/sdk/vexv5/libv5rt.a(vex_controller.cpp.obj)
                0x0000000003801760                vex::controller::axis::_joystickToChangedEvent()
 .text._ZN3vex10controller4axisC2ENS0_9tAxisTypeEPS0_
                0x0000000003801780       0x2c /Applications/VEXcode V5 Text.app/Contents/Resources/sdk/vexv5/libv5rt.a(vex_controller.cpp.obj)
                0x0000000003801780                vex::controller::axis::axis(vex::controller::tAxisType, vex::controller*)
                0x0000000003801780                vex::controller::axis::axis(vex::controller::tAxisType, vex::controller*)
 .text._ZN3vex10controllerC2ENS_14controllerTypeE
                0x00000000038017ac      0x204 /Applications/VEXcode V5 Text.app/Contents/Resources/sdk/vexv5/libv5rt.a(vex_controller.cpp.obj)
                0x00000000038017ac                vex::controller::controller(vex::controllerType)
                0x00000000038017ac                vex::controller::controller(vex::controllerType)
 .text._ZN3vex4task5sleepEm
                0x00000000038019b0        0x4 /Applications/VEXcode V5 Text.app/Contents/Resources/sdk/vexv5/libv5rt.a(vex_task.cpp.obj)
                0x00000000038019b0                vex::task::sleep(unsigned long)
 .text._ZN3vex11this_thread9sleep_forEm
                0x00000000038019b4        0x4 /Applications/VEXcode V5 Text.app/Contents/Resources/sdk/vexv5/libv5rt.a(vex_thread.cpp.obj)
                0x00000000038019b4                vex::this_thread::sleep_for(unsigned long)
 .text._ZN3vex5event4initEmmPFvvE
                0x00000000038019b8        0x4 /Applications/VEXcode V5 Text.app/Contents/Resources/sdk/vexv5/libv5rt.a(vex_event.cpp.obj)
                0x00000000038019b8                vex::event::init(unsigned long, unsigned long, void (*)())
 .text._ZN3vex5event9userindexEv
                0x00000000038019bc        0x4 /Applications/VEXcode V5 Text.app/Contents/Resources/sdk/vexv5/libv5rt.a(vex_event.cpp.obj)
                0x00000000038019bc                vex::event::userindex()
 .text._ZZN3vex6meventC4EmmENUlvE_4_FUNEv
                0x00000000038019c0        0x4 /Applications/VEXcode V5 Text.app/Contents/Resources/sdk/vexv5/libv5rt.a(vex_mevent.cpp.obj)
 .text._ZN3vex6meventC2Emm
                0x00000000038019c4       0x70 /Applications/VEXcode V5 Text.app/Contents/Resources/sdk/vexv5/libv5rt.a(vex_mevent.cpp.obj)
                0x00000000038019c4                vex::mevent::mevent(unsigned long, unsigned long)
                0x00000000038019c4                vex::mevent::mevent(unsigned long, unsigned long)
 .text._ZN3vex5brainD2Ev
                0x0000000003801a34       0x20 /Applications/VEXcode V5 Text.app/Contents/Resources/sdk/vexv5/libv5rt.a(vex_brain.cpp.obj)
                0x0000000003801a34                vex::brain::~brain()
                0x0000000003801a34                vex::brain::~brain()
 .text._ZN3vex5brain9_getIndexEv
                0x0000000003801a54       0x10 /Applications/VEXcode V5 Text.app/Contents/Resources/sdk/vexv5/libv5rt.a(vex_brain.cpp.obj)
                0x0000000003801a54                vex::brain::_getIndex()
 .text._ZN3vex5brain3lcd9setCursorEll
                0x0000000003801a64       0x44 /Applications/VEXcode V5 Text.app/Contents/Resources/sdk/vexv5/libv5rt.a(vex_brain.cpp.obj)
                0x0000000003801a64                vex::brain::lcd::setCursor(long, long)
 .text._ZN3vex5brain3lcd7setFontENS_8fontTypeE
                0x0000000003801aa8      0x23c /Applications/VEXcode V5 Text.app/Contents/Resources/sdk/vexv5/libv5rt.a(vex_brain.cpp.obj)
                0x0000000003801aa8                vex::brain::lcd::setFont(vex::fontType)
 .text._ZN3vex5brain3lcdC2Ev
                0x0000000003801ce4       0x94 /Applications/VEXcode V5 Text.app/Contents/Resources/sdk/vexv5/libv5rt.a(vex_brain.cpp.obj)
                0x0000000003801ce4                vex::brain::lcd::lcd()
                0x0000000003801ce4                vex::brain::lcd::lcd()
 .text._ZN3vex5brainC2Ev
                0x0000000003801d78       0x38 /Applications/VEXcode V5 Text.app/Contents/Resources/sdk/vexv5/libv5rt.a(vex_brain.cpp.obj)
                0x0000000003801d78                vex::brain::brain()
                0x0000000003801d78                vex::brain::brain()
 .text._ZN3vex5brain3lcd7printAtEllPKcz
                0x0000000003801db0       0x6c /Applications/VEXcode V5 Text.app/Contents/Resources/sdk/vexv5/libv5rt.a(vex_brain.cpp.obj)
                0x0000000003801db0                vex::brain::lcd::printAt(long, long, char const*, ...)
 .text._ZN3vex7triport9installedEv
                0x0000000003801e1c       0x18 /Applications/VEXcode V5 Text.app/Contents/Resources/sdk/vexv5/libv5rt.a(vex_triport.cpp.obj)
                0x0000000003801e1c                vex::triport::installed()
 .text._ZN3vex7triportD2Ev
                0x0000000003801e34       0x38 /Applications/VEXcode V5 Text.app/Contents/Resources/sdk/vexv5/libv5rt.a(vex_triport.cpp.obj)
                0x0000000003801e34                vex::triport::~triport()
                0x0000000003801e34                vex::triport::~triport()
 .text._ZN3vex7triport4portC2ElPS0_
                0x0000000003801e6c       0x90 /Applications/VEXcode V5 Text.app/Contents/Resources/sdk/vexv5/libv5rt.a(vex_triport.cpp.obj)
                0x0000000003801e6c                vex::triport::port::port(long, vex::triport*)
                0x0000000003801e6c                vex::triport::port::port(long, vex::triport*)
 .text._ZN3vex7triportC2El
                0x0000000003801efc       0xf0 /Applications/VEXcode V5 Text.app/Contents/Resources/sdk/vexv5/libv5rt.a(vex_triport.cpp.obj)
                0x0000000003801efc                vex::triport::triport(long)
                0x0000000003801efc                vex::triport::triport(long)
 .text._ZN3vex7triport4port4typeENS_11triportTypeE
                0x0000000003801fec       0x34 /Applications/VEXcode V5 Text.app/Contents/Resources/sdk/vexv5/libv5rt.a(vex_triport.cpp.obj)
                0x0000000003801fec                vex::triport::port::type(vex::triportType)
 .text._ZN3vex7triport4port4typeEv
                0x0000000003802020       0x38 /Applications/VEXcode V5 Text.app/Contents/Resources/sdk/vexv5/libv5rt.a(vex_triport.cpp.obj)
                0x0000000003802020                vex::triport::port::type()
 .text._ZN3vex7triport4port5valueEv
                0x0000000003802058       0x14 /Applications/VEXcode V5 Text.app/Contents/Resources/sdk/vexv5/libv5rt.a(vex_triport.cpp.obj)
                0x0000000003802058                vex::triport::port::value()
 .text._ZN3vex7triport4port14_convertAnalogENS_11analogUnitsE
                0x000000000380206c       0x58 /Applications/VEXcode V5 Text.app/Contents/Resources/sdk/vexv5/libv5rt.a(vex_triport.cpp.obj)
                0x000000000380206c                vex::triport::port::_convertAnalog(vex::analogUnits)
 .text._ZN3vex7triport4port14_virtual_valueEl
                0x00000000038020c4       0x14 /Applications/VEXcode V5 Text.app/Contents/Resources/sdk/vexv5/libv5rt.a(vex_triport.cpp.obj)
                0x00000000038020c4                vex::triport::port::_virtual_value(long)
 .text._ZN3vex11__trideviceC2ERNS_7triport4portENS_11triportTypeE
                0x00000000038020d8       0x5c /Applications/VEXcode V5 Text.app/Contents/Resources/sdk/vexv5/libv5rt.a(vex_triport.cpp.obj)
                0x00000000038020d8                vex::__tridevice::__tridevice(vex::triport::port&, vex::triportType)
                0x00000000038020d8                vex::__tridevice::__tridevice(vex::triport::port&, vex::triportType)
 .text._ZN3vex11__tridevice14_convertAnalogENS_11analogUnitsE
                0x0000000003802134        0x8 /Applications/VEXcode V5 Text.app/Contents/Resources/sdk/vexv5/libv5rt.a(vex_triport.cpp.obj)
                0x0000000003802134                vex::__tridevice::_convertAnalog(vex::analogUnits)
 .text._ZN3vex11__tridevice14_virtual_valueEl
                0x000000000380213c        0x8 /Applications/VEXcode V5 Text.app/Contents/Resources/sdk/vexv5/libv5rt.a(vex_triport.cpp.obj)
                0x000000000380213c                vex::__tridevice::_virtual_value(long)
 .text._ZN3vex4gyroC2ERNS_7triport4portE
                0x0000000003802144       0x34 /Applications/VEXcode V5 Text.app/Contents/Resources/sdk/vexv5/libv5rt.a(vex_triport.cpp.obj)
                0x0000000003802144                vex::gyro::gyro(vex::triport::port&)
                0x0000000003802144                vex::gyro::gyro(vex::triport::port&)
 .text._ZN3vex4gyroD2Ev
                0x0000000003802178        0x4 /Applications/VEXcode V5 Text.app/Contents/Resources/sdk/vexv5/libv5rt.a(vex_triport.cpp.obj)
                0x0000000003802178                vex::gyro::~gyro()
                0x0000000003802178                vex::gyro::~gyro()
 *fill*         0x000000000380217c        0x4 
 .text._ZN3vex4gyro8angleAbsENS_13rotationUnitsE
                0x0000000003802180       0x58 /Applications/VEXcode V5 Text.app/Contents/Resources/sdk/vexv5/libv5rt.a(vex_triport.cpp.obj)
                0x0000000003802180                vex::gyro::angleAbs(vex::rotationUnits)
 .text._ZN3vex4gyro13isCalibratingEv
                0x00000000038021d8       0x38 /Applications/VEXcode V5 Text.app/Contents/Resources/sdk/vexv5/libv5rt.a(vex_triport.cpp.obj)
                0x00000000038021d8                vex::gyro::isCalibrating()
 .text.startup._GLOBAL__sub_I__ZN3vex7triportC2El
                0x0000000003802210       0x30 /Applications/VEXcode V5 Text.app/Contents/Resources/sdk/vexv5/libv5rt.a(vex_triport.cpp.obj)
 .text._ZN3vex5colorD2Ev
                0x0000000003802240        0x4 /Applications/VEXcode V5 Text.app/Contents/Resources/sdk/vexv5/libv5rt.a(vex_color.cpp.obj)
                0x0000000003802240                vex::color::~color()
                0x0000000003802240                vex::color::~color()
 .text.startup._GLOBAL__sub_I__ZN3vex5color5blackE
                0x0000000003802244      0x164 /Applications/VEXcode V5 Text.app/Contents/Resources/sdk/vexv5/libv5rt.a(vex_color.cpp.obj)
 .text._ZN3vex5timerD2Ev
                0x00000000038023a8        0x4 /Applications/VEXcode V5 Text.app/Contents/Resources/sdk/vexv5/libv5rt.a(vex_timer.cpp.obj)
                0x00000000038023a8                vex::timer::~timer()
                0x00000000038023a8                vex::timer::~timer()
 .text._ZN3vex5timer5clearEv
                0x00000000038023ac       0x1c /Applications/VEXcode V5 Text.app/Contents/Resources/sdk/vexv5/libv5rt.a(vex_timer.cpp.obj)
                0x00000000038023ac                vex::timer::clear()
 .text._ZN3vex5timerC2Ev
                0x00000000038023c8       0x14 /Applications/VEXcode V5 Text.app/Contents/Resources/sdk/vexv5/libv5rt.a(vex_timer.cpp.obj)
                0x00000000038023c8                vex::timer::timer()
                0x00000000038023c8                vex::timer::timer()
 .text._ZN3vex11motor_group18motor_group_motorsC2Ev
                0x00000000038023dc       0x28 /Applications/VEXcode V5 Text.app/Contents/Resources/sdk/vexv5/libv5rt.a(vex_motorgroup.cpp.obj)
                0x00000000038023dc                vex::motor_group::motor_group_motors::motor_group_motors()
                0x00000000038023dc                vex::motor_group::motor_group_motors::motor_group_motors()
 .text._ZN3vex11motor_groupC2Ev
                0x0000000003802404       0x1c /Applications/VEXcode V5 Text.app/Contents/Resources/sdk/vexv5/libv5rt.a(vex_motorgroup.cpp.obj)
                0x0000000003802404                vex::motor_group::motor_group()
                0x0000000003802404                vex::motor_group::motor_group()
 .text._ZN3vex11motor_groupD2Ev
                0x0000000003802420        0x4 /Applications/VEXcode V5 Text.app/Contents/Resources/sdk/vexv5/libv5rt.a(vex_motorgroup.cpp.obj)
                0x0000000003802420                vex::motor_group::~motor_group()
                0x0000000003802420                vex::motor_group::~motor_group()
 .text._ZN3vex11motor_group9_addMotorEv
                0x0000000003802424        0x4 /Applications/VEXcode V5 Text.app/Contents/Resources/sdk/vexv5/libv5rt.a(vex_motorgroup.cpp.obj)
                0x0000000003802424                vex::motor_group::_addMotor()
 .text._ZN3vex11motor_group9_addMotorERNS_5motorE
                0x0000000003802428       0x24 /Applications/VEXcode V5 Text.app/Contents/Resources/sdk/vexv5/libv5rt.a(vex_motorgroup.cpp.obj)
                0x0000000003802428                vex::motor_group::_addMotor(vex::motor&)
 .text._ZN3vex11motor_group11setVelocityEdNS_13velocityUnitsE
                0x000000000380244c       0x4c /Applications/VEXcode V5 Text.app/Contents/Resources/sdk/vexv5/libv5rt.a(vex_motorgroup.cpp.obj)
                0x000000000380244c                vex::motor_group::setVelocity(double, vex::velocityUnits)
 .text._ZN3vex11motor_group4spinENS_13directionTypeEdNS_13velocityUnitsE
                0x0000000003802498       0x54 /Applications/VEXcode V5 Text.app/Contents/Resources/sdk/vexv5/libv5rt.a(vex_motorgroup.cpp.obj)
                0x0000000003802498                vex::motor_group::spin(vex::directionType, double, vex::velocityUnits)
 .text._ZN3vex11motor_group10isSpinningEv
                0x00000000038024ec       0x40 /Applications/VEXcode V5 Text.app/Contents/Resources/sdk/vexv5/libv5rt.a(vex_motorgroup.cpp.obj)
                0x00000000038024ec                vex::motor_group::isSpinning()
 .text._ZN3vex11motor_group6isDoneEv
                0x000000000380252c       0x14 /Applications/VEXcode V5 Text.app/Contents/Resources/sdk/vexv5/libv5rt.a(vex_motorgroup.cpp.obj)
                0x000000000380252c                vex::motor_group::isDone()
 .text._ZN3vex11motor_group4stopEv
                0x0000000003802540       0x30 /Applications/VEXcode V5 Text.app/Contents/Resources/sdk/vexv5/libv5rt.a(vex_motorgroup.cpp.obj)
                0x0000000003802540                vex::motor_group::stop()
 .text._ZN3vex11motor_group4stopENS_9brakeTypeE
                0x0000000003802570       0x38 /Applications/VEXcode V5 Text.app/Contents/Resources/sdk/vexv5/libv5rt.a(vex_motorgroup.cpp.obj)
                0x0000000003802570                vex::motor_group::stop(vex::brakeType)
 .text._ZN3vex11motor_group20waitForCompletionAllEv
                0x00000000038025a8       0x60 /Applications/VEXcode V5 Text.app/Contents/Resources/sdk/vexv5/libv5rt.a(vex_motorgroup.cpp.obj)
                0x00000000038025a8                vex::motor_group::waitForCompletionAll()
 .text._ZN3vex11motor_group9rotateForENS_13directionTypeEdNS_13rotationUnitsEdNS_13velocityUnitsEb
                0x0000000003802608       0xa8 /Applications/VEXcode V5 Text.app/Contents/Resources/sdk/vexv5/libv5rt.a(vex_motorgroup.cpp.obj)
                0x0000000003802608                vex::motor_group::rotateFor(vex::directionType, double, vex::rotationUnits, double, vex::velocityUnits, bool)
 .text._ZN3vex10drivetrainD2Ev
                0x00000000038026b0       0x28 /Applications/VEXcode V5 Text.app/Contents/Resources/sdk/vexv5/libv5rt.a(vex_drivetrain.cpp.obj)
                0x00000000038026b0                vex::drivetrain::~drivetrain()
                0x00000000038026b0                vex::drivetrain::~drivetrain()
 .text._ZN3vex10drivetrain16setDriveVelocityEdNS_13velocityUnitsE
                0x00000000038026d8       0x54 /Applications/VEXcode V5 Text.app/Contents/Resources/sdk/vexv5/libv5rt.a(vex_drivetrain.cpp.obj)
                0x00000000038026d8                vex::drivetrain::setDriveVelocity(double, vex::velocityUnits)
 *fill*         0x000000000380272c        0x4 
 .text._ZN3vex10drivetrain12setGearRatioEd
                0x0000000003802730       0x54 /Applications/VEXcode V5 Text.app/Contents/Resources/sdk/vexv5/libv5rt.a(vex_drivetrain.cpp.obj)
                0x0000000003802730                vex::drivetrain::setGearRatio(double)
 .text._ZN3vex10drivetrain10timeoutGetEv
                0x0000000003802784        0x8 /Applications/VEXcode V5 Text.app/Contents/Resources/sdk/vexv5/libv5rt.a(vex_drivetrain.cpp.obj)
                0x0000000003802784                vex::drivetrain::timeoutGet()
 .text._ZN3vex10drivetrain4turnENS_8turnTypeE
                0x000000000380278c       0x50 /Applications/VEXcode V5 Text.app/Contents/Resources/sdk/vexv5/libv5rt.a(vex_drivetrain.cpp.obj)
                0x000000000380278c                vex::drivetrain::turn(vex::turnType)
 .text._ZN3vex10drivetrain15setTurnVelocityEdNS_13velocityUnitsE
                0x00000000038027dc       0x28 /Applications/VEXcode V5 Text.app/Contents/Resources/sdk/vexv5/libv5rt.a(vex_drivetrain.cpp.obj)
                0x00000000038027dc                vex::drivetrain::setTurnVelocity(double, vex::velocityUnits)
 .text._ZN3vex10drivetrain4turnENS_8turnTypeEdNS_13velocityUnitsE
                0x0000000003802804       0x6c /Applications/VEXcode V5 Text.app/Contents/Resources/sdk/vexv5/libv5rt.a(vex_drivetrain.cpp.obj)
                0x0000000003802804                vex::drivetrain::turn(vex::turnType, double, vex::velocityUnits)
 .text._ZN3vex10drivetrain8isMovingEv
                0x0000000003802870       0x24 /Applications/VEXcode V5 Text.app/Contents/Resources/sdk/vexv5/libv5rt.a(vex_drivetrain.cpp.obj)
                0x0000000003802870                vex::drivetrain::isMoving()
 .text._ZN3vex10drivetrain6isDoneEv
                0x0000000003802894       0x14 /Applications/VEXcode V5 Text.app/Contents/Resources/sdk/vexv5/libv5rt.a(vex_drivetrain.cpp.obj)
                0x0000000003802894                vex::drivetrain::isDone()
 .text._ZN3vex10drivetrain4stopEv
                0x00000000038028a8       0x24 /Applications/VEXcode V5 Text.app/Contents/Resources/sdk/vexv5/libv5rt.a(vex_drivetrain.cpp.obj)
                0x00000000038028a8                vex::drivetrain::stop()
 .text._ZN3vex10drivetrain21_waitForCompletionAllEv
                0x00000000038028cc       0x60 /Applications/VEXcode V5 Text.app/Contents/Resources/sdk/vexv5/libv5rt.a(vex_drivetrain.cpp.obj)
                0x00000000038028cc                vex::drivetrain::_waitForCompletionAll()
 *fill*         0x000000000380292c        0x4 
 .text._ZN3vex10drivetrain12distanceToMmEdNS_13distanceUnitsE
                0x0000000003802930       0x38 /Applications/VEXcode V5 Text.app/Contents/Resources/sdk/vexv5/libv5rt.a(vex_drivetrain.cpp.obj)
                0x0000000003802930                vex::drivetrain::distanceToMm(double, vex::distanceUnits)
 .text._ZN3vex10drivetrainC2ERNS_5motorES2_dddNS_13distanceUnitsEd
                0x0000000003802968      0x118 /Applications/VEXcode V5 Text.app/Contents/Resources/sdk/vexv5/libv5rt.a(vex_drivetrain.cpp.obj)
                0x0000000003802968                vex::drivetrain::drivetrain(vex::motor&, vex::motor&, double, double, double, vex::distanceUnits, double)
                0x0000000003802968                vex::drivetrain::drivetrain(vex::motor&, vex::motor&, double, double, double, vex::distanceUnits, double)
 .text._ZN3vex10drivetrain12_angleToRevsEdNS_13rotationUnitsE
                0x0000000003802a80       0xc0 /Applications/VEXcode V5 Text.app/Contents/Resources/sdk/vexv5/libv5rt.a(vex_drivetrain.cpp.obj)
                0x0000000003802a80                vex::drivetrain::_angleToRevs(double, vex::rotationUnits)
 .text._ZN3vex10drivetrain7turnForENS_8turnTypeEdNS_13rotationUnitsEb
                0x0000000003802b40       0xbc /Applications/VEXcode V5 Text.app/Contents/Resources/sdk/vexv5/libv5rt.a(vex_drivetrain.cpp.obj)
                0x0000000003802b40                vex::drivetrain::turnFor(vex::turnType, double, vex::rotationUnits, bool)
 .text._ZN3vex10drivetrain7turnForEdNS_13rotationUnitsEb
                0x0000000003802bfc       0x10 /Applications/VEXcode V5 Text.app/Contents/Resources/sdk/vexv5/libv5rt.a(vex_drivetrain.cpp.obj)
                0x0000000003802bfc                vex::drivetrain::turnFor(double, vex::rotationUnits, bool)
 .text._ZN3vex10drivetrain7turnForENS_8turnTypeEdNS_13rotationUnitsEdNS_13velocityUnitsEb
                0x0000000003802c0c       0xd0 /Applications/VEXcode V5 Text.app/Contents/Resources/sdk/vexv5/libv5rt.a(vex_drivetrain.cpp.obj)
                0x0000000003802c0c                vex::drivetrain::turnFor(vex::turnType, double, vex::rotationUnits, double, vex::velocityUnits, bool)
 .text._ZN3vex10drivetrain7turnForEdNS_13rotationUnitsEdNS_13velocityUnitsEb
                0x0000000003802cdc       0x18 /Applications/VEXcode V5 Text.app/Contents/Resources/sdk/vexv5/libv5rt.a(vex_drivetrain.cpp.obj)
                0x0000000003802cdc                vex::drivetrain::turnFor(double, vex::rotationUnits, double, vex::velocityUnits, bool)
 .text._ZN3vex10smartdriveC2ERNS_5motorES2_RNS_4gyroEdddNS_13distanceUnitsEd
                0x0000000003802cf4       0x68 /Applications/VEXcode V5 Text.app/Contents/Resources/sdk/vexv5/libv5rt.a(vex_smartdrive.cpp.obj)
                0x0000000003802cf4                vex::smartdrive::smartdrive(vex::motor&, vex::motor&, vex::gyro&, double, double, double, vex::distanceUnits, double)
                0x0000000003802cf4                vex::smartdrive::smartdrive(vex::motor&, vex::motor&, vex::gyro&, double, double, double, vex::distanceUnits, double)
 .text._ZN3vex10smartdriveD2Ev
                0x0000000003802d5c       0x3c /Applications/VEXcode V5 Text.app/Contents/Resources/sdk/vexv5/libv5rt.a(vex_smartdrive.cpp.obj)
                0x0000000003802d5c                vex::smartdrive::~smartdrive()
                0x0000000003802d5c                vex::smartdrive::~smartdrive()
 .text._ZN3vex10smartdrive11_initeventsEv
                0x0000000003802d98       0x38 /Applications/VEXcode V5 Text.app/Contents/Resources/sdk/vexv5/libv5rt.a(vex_smartdrive.cpp.obj)
                0x0000000003802d98                vex::smartdrive::_initevents()
 .text._ZN3vex10smartdrive22_testForCompletionGyroEv
                0x0000000003802dd0      0x144 /Applications/VEXcode V5 Text.app/Contents/Resources/sdk/vexv5/libv5rt.a(vex_smartdrive.cpp.obj)
                0x0000000003802dd0                vex::smartdrive::_testForCompletionGyro()
 .text._ZN3vex10smartdrive9_gyrotaskEPv
                0x0000000003802f14       0x7c /Applications/VEXcode V5 Text.app/Contents/Resources/sdk/vexv5/libv5rt.a(vex_smartdrive.cpp.obj)
                0x0000000003802f14                vex::smartdrive::_gyrotask(void*)
 .text._ZN3vex10smartdrive22_waitForCompletionGyroEv
                0x0000000003802f90       0x88 /Applications/VEXcode V5 Text.app/Contents/Resources/sdk/vexv5/libv5rt.a(vex_smartdrive.cpp.obj)
                0x0000000003802f90                vex::smartdrive::_waitForCompletionGyro()
 .text._ZN3vex10smartdrive7turnForENS_8turnTypeEdNS_13rotationUnitsEdNS_13velocityUnitsEb
                0x0000000003803018      0x150 /Applications/VEXcode V5 Text.app/Contents/Resources/sdk/vexv5/libv5rt.a(vex_smartdrive.cpp.obj)
                0x0000000003803018                vex::smartdrive::turnFor(vex::turnType, double, vex::rotationUnits, double, vex::velocityUnits, bool)
 .text._ZN3vex10smartdrive7turnForENS_8turnTypeEdNS_13rotationUnitsEb
                0x0000000003803168       0x34 /Applications/VEXcode V5 Text.app/Contents/Resources/sdk/vexv5/libv5rt.a(vex_smartdrive.cpp.obj)
                0x0000000003803168                vex::smartdrive::turnFor(vex::turnType, double, vex::rotationUnits, bool)
 .text._ZN3vex10smartdrive7turnForEdNS_13rotationUnitsEb
                0x000000000380319c       0x10 /Applications/VEXcode V5 Text.app/Contents/Resources/sdk/vexv5/libv5rt.a(vex_smartdrive.cpp.obj)
                0x000000000380319c                vex::smartdrive::turnFor(double, vex::rotationUnits, bool)
 .text._ZN3vex10smartdrive7turnForEdNS_13rotationUnitsEdNS_13velocityUnitsEb
                0x00000000038031ac       0x18 /Applications/VEXcode V5 Text.app/Contents/Resources/sdk/vexv5/libv5rt.a(vex_smartdrive.cpp.obj)
                0x00000000038031ac                vex::smartdrive::turnFor(double, vex::rotationUnits, double, vex::velocityUnits, bool)
 .text.vexAdiPortConfigSet
                0x00000000038031c4       0x28 /Applications/VEXcode V5 Text.app/Contents/Resources/sdk/vexv5/libv5rt.a(v5_apiuser.c.obj)
                0x00000000038031c4                vexAdiPortConfigSet
 .text.vexAdiPortConfigGet
                0x00000000038031ec       0x28 /Applications/VEXcode V5 Text.app/Contents/Resources/sdk/vexv5/libv5rt.a(v5_apiuser.c.obj)
                0x00000000038031ec                vexAdiPortConfigGet
 .text.vexAdiValueGet
                0x0000000003803214       0x20 /Applications/VEXcode V5 Text.app/Contents/Resources/sdk/vexv5/libv5rt.a(v5_apiuser.c.obj)
                0x0000000003803214                vexAdiValueGet
 .text.vexMotorVelocitySet
                0x0000000003803234       0x20 /Applications/VEXcode V5 Text.app/Contents/Resources/sdk/vexv5/libv5rt.a(v5_apiuser.c.obj)
                0x0000000003803234                vexMotorVelocitySet
 .text.vexMotorActualVelocityGet
                0x0000000003803254       0x24 /Applications/VEXcode V5 Text.app/Contents/Resources/sdk/vexv5/libv5rt.a(v5_apiuser.c.obj)
                0x0000000003803254                vexMotorActualVelocityGet
 .text.vexMotorZeroPositionFlagGet
                0x0000000003803278       0x18 /Applications/VEXcode V5 Text.app/Contents/Resources/sdk/vexv5/libv5rt.a(v5_apiuser.c.obj)
                0x0000000003803278                vexMotorZeroPositionFlagGet
 .text.vexMotorReverseFlagSet
                0x0000000003803290       0x20 /Applications/VEXcode V5 Text.app/Contents/Resources/sdk/vexv5/libv5rt.a(v5_apiuser.c.obj)
                0x0000000003803290                vexMotorReverseFlagSet
 .text.vexMotorEncoderUnitsSet
                0x00000000038032b0       0x20 /Applications/VEXcode V5 Text.app/Contents/Resources/sdk/vexv5/libv5rt.a(v5_apiuser.c.obj)
                0x00000000038032b0                vexMotorEncoderUnitsSet
 .text.vexMotorBrakeModeSet
                0x00000000038032d0       0x20 /Applications/VEXcode V5 Text.app/Contents/Resources/sdk/vexv5/libv5rt.a(v5_apiuser.c.obj)
                0x00000000038032d0                vexMotorBrakeModeSet
 .text.vexMotorPositionSet
                0x00000000038032f0       0x28 /Applications/VEXcode V5 Text.app/Contents/Resources/sdk/vexv5/libv5rt.a(v5_apiuser.c.obj)
                0x00000000038032f0                vexMotorPositionSet
 .text.vexMotorPositionGet
                0x0000000003803318       0x24 /Applications/VEXcode V5 Text.app/Contents/Resources/sdk/vexv5/libv5rt.a(v5_apiuser.c.obj)
                0x0000000003803318                vexMotorPositionGet
 .text.vexMotorRelativeTargetSet
                0x000000000380333c       0x30 /Applications/VEXcode V5 Text.app/Contents/Resources/sdk/vexv5/libv5rt.a(v5_apiuser.c.obj)
                0x000000000380333c                vexMotorRelativeTargetSet
 .text.vexMotorGearingSet
                0x000000000380336c       0x20 /Applications/VEXcode V5 Text.app/Contents/Resources/sdk/vexv5/libv5rt.a(v5_apiuser.c.obj)
                0x000000000380336c                vexMotorGearingSet
 .text.vexMotorGearingGet
                0x000000000380338c       0x18 /Applications/VEXcode V5 Text.app/Contents/Resources/sdk/vexv5/libv5rt.a(v5_apiuser.c.obj)
                0x000000000380338c                vexMotorGearingGet
 .text.vexEventMaskSet
                0x00000000038033a4       0x28 /Applications/VEXcode V5 Text.app/Contents/Resources/sdk/vexv5/libv5rt.a(v5_apiuser.c.obj)
                0x00000000038033a4                vexEventMaskSet
 .text.vexEventMaskGet
                0x00000000038033cc       0x18 /Applications/VEXcode V5 Text.app/Contents/Resources/sdk/vexv5/libv5rt.a(v5_apiuser.c.obj)
                0x00000000038033cc                vexEventMaskGet
 .text._ZN3vex6device5valueEv
                0x00000000038033e4        0x8 /Applications/VEXcode V5 Text.app/Contents/Resources/sdk/vexv5/libv5rt.a(vex_device.cpp.obj)
                0x00000000038033e4                vex::device::value()
 .text._ZN3vex6deviceD2Ev
                0x00000000038033ec        0x4 /Applications/VEXcode V5 Text.app/Contents/Resources/sdk/vexv5/libv5rt.a(vex_device.cpp.obj)
                0x00000000038033ec                vex::device::~device()
                0x00000000038033ec                vex::device::~device()
 .text._ZN3vex6device4initEl
                0x00000000038033f0       0x30 /Applications/VEXcode V5 Text.app/Contents/Resources/sdk/vexv5/libv5rt.a(vex_device.cpp.obj)
                0x00000000038033f0                vex::device::init(long)
 .text._ZN3vex6deviceC2El
                0x0000000003803420       0x20 /Applications/VEXcode V5 Text.app/Contents/Resources/sdk/vexv5/libv5rt.a(vex_device.cpp.obj)
                0x0000000003803420                vex::device::device(long)
                0x0000000003803420                vex::device::device(long)
 .text._ZN3vex6device4typeEv
                0x0000000003803440       0x10 /Applications/VEXcode V5 Text.app/Contents/Resources/sdk/vexv5/libv5rt.a(vex_device.cpp.obj)
                0x0000000003803440                vex::device::type()
 .text._ZN3vex6device9installedEv
                0x0000000003803450       0x14 /Applications/VEXcode V5 Text.app/Contents/Resources/sdk/vexv5/libv5rt.a(vex_device.cpp.obj)
                0x0000000003803450                vex::device::installed()
 .text.__libc_fini_array
                0x0000000003803464       0x30 /Applications/VEXcode V5 Text.app/Contents/Resources/sdk/vexv5/gcc/libs/libc.a(lib_a-fini.o)
                0x0000000003803464                __libc_fini_array
 .text.__libc_init_array
                0x0000000003803494       0x58 /Applications/VEXcode V5 Text.app/Contents/Resources/sdk/vexv5/gcc/libs/libc.a(lib_a-init.o)
                0x0000000003803494                __libc_init_array
 *fill*         0x00000000038034ec        0x4 
 .text.__libc_init_array.__stub
                0x00000000038034f0       0x18 linker stubs
 *(.gnu.linkonce.t.*)
 *(.plt)
 *(.gnu_warning)
 *(.gcc_except_table)
 *(.glue_7)
 .glue_7        0x0000000003803508        0x0 linker stubs
 *(.glue_7t)
 .glue_7t       0x0000000003803508        0x0 linker stubs
 *(.vfp11_veneer)
 .vfp11_veneer  0x0000000003803508        0x0 linker stubs
 *(.ARM.extab)
 *(.gnu.linkonce.armextab.*)

.v4_bx          0x0000000003803508        0x0
 .v4_bx         0x0000000003803508        0x0 linker stubs

.iplt           0x0000000003803508        0x0
 .iplt          0x0000000003803508        0x0 build/src/main.o

.init
 *(.init)

.fini
 *(.fini)

.rodata         0x0000000003803508      0x12c
                0x0000000003803508                __rodata_start = .
 *(.rodata)
 *(.rodata.*)
 .rodata.str1.1
                0x0000000003803508        0x6 build/src/main.o
 .rodata.str1.1
                0x000000000380350e       0x2e /Applications/VEXcode V5 Text.app/Contents/Resources/sdk/vexv5/libv5rt.a(v5_startup.c.obj)
 .rodata._ZN3vex5PORT1E
                0x000000000380353c        0x4 /Applications/VEXcode V5 Text.app/Contents/Resources/sdk/vexv5/libv5rt.a(vex_global.cpp.obj)
                0x000000000380353c                vex::PORT1
 .rodata._ZN3vex6PORT10E
                0x0000000003803540        0x4 /Applications/VEXcode V5 Text.app/Contents/Resources/sdk/vexv5/libv5rt.a(vex_global.cpp.obj)
                0x0000000003803540                vex::PORT10
 .rodata._ZN3vex6PORT11E
                0x0000000003803544        0x4 /Applications/VEXcode V5 Text.app/Contents/Resources/sdk/vexv5/libv5rt.a(vex_global.cpp.obj)
                0x0000000003803544                vex::PORT11
 .rodata._ZN3vex5PORT2E
                0x0000000003803548        0x4 /Applications/VEXcode V5 Text.app/Contents/Resources/sdk/vexv5/libv5rt.a(vex_global.cpp.obj)
                0x0000000003803548                vex::PORT2
 .rodata._ZN3vex6PORT22E
                0x000000000380354c        0x4 /Applications/VEXcode V5 Text.app/Contents/Resources/sdk/vexv5/libv5rt.a(vex_global.cpp.obj)
                0x000000000380354c                vex::PORT22
 .rodata._ZN3vex6PORT20E
                0x0000000003803550        0x4 /Applications/VEXcode V5 Text.app/Contents/Resources/sdk/vexv5/libv5rt.a(vex_global.cpp.obj)
                0x0000000003803550                vex::PORT20
 *fill*         0x0000000003803554        0x4 
 .rodata._ZTVN3vex5motorE
                0x0000000003803558       0x10 /Applications/VEXcode V5 Text.app/Contents/Resources/sdk/vexv5/libv5rt.a(vex_motor.cpp.obj)
                0x0000000003803558                vtable for vex::motor
 .rodata.CSWTCH.15
                0x0000000003803568        0xb /Applications/VEXcode V5 Text.app/Contents/Resources/sdk/vexv5/libv5rt.a(vex_controller.cpp.obj)
 .rodata.CSWTCH.17
                0x0000000003803573        0xb /Applications/VEXcode V5 Text.app/Contents/Resources/sdk/vexv5/libv5rt.a(vex_controller.cpp.obj)
 .rodata.CSWTCH.23
                0x000000000380357e        0x3 /Applications/VEXcode V5 Text.app/Contents/Resources/sdk/vexv5/libv5rt.a(vex_controller.cpp.obj)
 .rodata.str1.1
                0x0000000003803581       0x2b /Applications/VEXcode V5 Text.app/Contents/Resources/sdk/vexv5/libv5rt.a(vex_brain.cpp.obj)
 *fill*         0x00000000038035ac        0x4 
 .rodata._ZTVN3vex7triportE
                0x00000000038035b0       0x10 /Applications/VEXcode V5 Text.app/Contents/Resources/sdk/vexv5/libv5rt.a(vex_triport.cpp.obj)
                0x00000000038035b0                vtable for vex::triport
 .rodata.CSWTCH.26
                0x00000000038035c0        0xe /Applications/VEXcode V5 Text.app/Contents/Resources/sdk/vexv5/libv5rt.a(vex_triport.cpp.obj)
 .rodata.CSWTCH.31
                0x00000000038035ce       0x10 /Applications/VEXcode V5 Text.app/Contents/Resources/sdk/vexv5/libv5rt.a(vex_triport.cpp.obj)
 *fill*         0x00000000038035de        0x2 
 .rodata._ZTVN3vex10drivetrainE
                0x00000000038035e0       0x18 /Applications/VEXcode V5 Text.app/Contents/Resources/sdk/vexv5/libv5rt.a(vex_drivetrain.cpp.obj)
                0x00000000038035e0                vtable for vex::drivetrain
 .rodata.str1.1
                0x00000000038035f8        0xa /Applications/VEXcode V5 Text.app/Contents/Resources/sdk/vexv5/libv5rt.a(vex_smartdrive.cpp.obj)
 *fill*         0x0000000003803602        0x6 
 .rodata._ZTVN3vex10smartdriveE
                0x0000000003803608       0x18 /Applications/VEXcode V5 Text.app/Contents/Resources/sdk/vexv5/libv5rt.a(vex_smartdrive.cpp.obj)
                0x0000000003803608                vtable for vex::smartdrive
 .rodata._ZTVN3vex6deviceE
                0x0000000003803620       0x10 /Applications/VEXcode V5 Text.app/Contents/Resources/sdk/vexv5/libv5rt.a(vex_device.cpp.obj)
                0x0000000003803620                vtable for vex::device
 .rodata.str1.4
                0x0000000003803630        0x4 /Applications/VEXcode V5 Text.app/Contents/Resources/sdk/vexv5/gcc/libs/libc.a(lib_a-impure.o)
                                          0x2 (size before relaxing)
 *(.gnu.linkonce.r.*)
                0x0000000003803634                __rodata_end = .

.rodata1        0x0000000003803634        0x0
                0x0000000003803634                __rodata1_start = .
 *(.rodata1)
 *(.rodata1.*)
                0x0000000003803634                __rodata1_end = .

.sdata2         0x0000000003803634        0x0
                0x0000000003803634                __sdata2_start = .
 *(.sdata2)
 *(.sdata2.*)
 *(.gnu.linkonce.s2.*)
                0x0000000003803634                __sdata2_end = .

.sbss2          0x0000000003803634        0x0
                0x0000000003803634                __sbss2_start = .
 *(.sbss2)
 *(.sbss2.*)
 *(.gnu.linkonce.sb2.*)
                0x0000000003803634                __sbss2_end = .

.data           0x0000000003803638      0x444
                0x0000000003803638                __data_start = .
 *(.data)
 *(.data.*)
 .data.speedModifier
                0x0000000003803638        0x4 build/src/main.o
                0x0000000003803638                speedModifier
 .data.appRunning
                0x000000000380363c        0x4 /Applications/VEXcode V5 Text.app/Contents/Resources/sdk/vexv5/libv5rt.a(v5_startup.c.obj)
                0x000000000380363c                appRunning
 .data.__yoff   0x0000000003803640        0x4 /Applications/VEXcode V5 Text.app/Contents/Resources/sdk/vexv5/libv5rt.a(v5_apijump.c.obj)
 .data._ZN3vex9ratio18_1E
                0x0000000003803644        0x4 /Applications/VEXcode V5 Text.app/Contents/Resources/sdk/vexv5/libv5rt.a(vex_global.cpp.obj)
                0x0000000003803644                vex::ratio18_1
 .data._ZN3vex4holdE
                0x0000000003803648        0x4 /Applications/VEXcode V5 Text.app/Contents/Resources/sdk/vexv5/libv5rt.a(vex_global.cpp.obj)
                0x0000000003803648                vex::hold
 .data._ZN3vex24__default_motor_velocityE
                0x000000000380364c        0x4 /Applications/VEXcode V5 Text.app/Contents/Resources/sdk/vexv5/libv5rt.a(vex_motor.cpp.obj)
                0x000000000380364c                vex::__default_motor_velocity
 .data.impure_data
                0x0000000003803650      0x428 /Applications/VEXcode V5 Text.app/Contents/Resources/sdk/vexv5/gcc/libs/libc.a(lib_a-impure.o)
 .data._impure_ptr
                0x0000000003803a78        0x4 /Applications/VEXcode V5 Text.app/Contents/Resources/sdk/vexv5/gcc/libs/libc.a(lib_a-impure.o)
                0x0000000003803a78                _impure_ptr
 *(.gnu.linkonce.d.*)
 *(.jcr)
 *(.got)
 *(.got.plt)
                0x0000000003803a7c                __data_end = .

.igot.plt       0x0000000003803a7c        0x0
 .igot.plt      0x0000000003803a7c        0x0 build/src/main.o

.data1          0x0000000003803a7c        0x0
                0x0000000003803a7c                __data1_start = .
 *(.data1)
 *(.data1.*)
                0x0000000003803a7c                __data1_end = .

.got
 *(.got)

.ctors          0x0000000003803a7c        0x0
                0x0000000003803a7c                __CTOR_LIST__ = .
                0x0000000003803a7c                ___CTORS_LIST___ = .
 *crtbegin.o(.ctors)
 *(EXCLUDE_FILE(*crtend.o) .ctors)
 *(SORT_BY_NAME(.ctors.*))
 *(.ctors)
                0x0000000003803a7c                __CTOR_END__ = .
                0x0000000003803a7c                ___CTORS_END___ = .

.dtors          0x0000000003803a7c        0x0
                0x0000000003803a7c                __DTOR_LIST__ = .
                0x0000000003803a7c                ___DTORS_LIST___ = .
 *crtbegin.o(.dtors)
 *(EXCLUDE_FILE(*crtend.o) .dtors)
 *(SORT_BY_NAME(.dtors.*))
 *(.dtors)
                0x0000000003803a7c                __DTOR_END__ = .
                0x0000000003803a7c                ___DTORS_END___ = .

.fixup          0x0000000003803a7c        0x0
                0x0000000003803a7c                __fixup_start = .
 *(.fixup)
                0x0000000003803a7c                __fixup_end = .

.eh_frame
 *(.eh_frame)

.eh_framehdr    0x0000000003803a7c        0x0
                0x0000000003803a7c                __eh_framehdr_start = .
 *(.eh_framehdr)
                0x0000000003803a7c                __eh_framehdr_end = .

.gcc_except_table
 *(.gcc_except_table)

.mmu_tbl        0x0000000003804000        0x0
                0x0000000003804000                __mmu_tbl_start = .
 *(.mmu_tbl)
                0x0000000003804000                __mmu_tbl_end = .

.ARM.exidx      0x0000000003803a7c        0x8
                0x0000000003803a7c                __exidx_start = .
 *(.ARM.exidx*)
 .ARM.exidx.text._Z6Fasterv
                0x0000000003803a7c        0x8 build/src/main.o
 .ARM.exidx.text._Z6Slowerv
                0x0000000003803a84        0x0 build/src/main.o
                                          0x8 (size before relaxing)
 .ARM.exidx.text.main
                0x0000000003803a84        0x0 build/src/main.o
                                          0x8 (size before relaxing)
 .ARM.exidx.text._GLOBAL__sub_I_main.cpp
                0x0000000003803a84        0x0 build/src/main.o
                                          0x8 (size before relaxing)
 .ARM.exidx.text._Z11vexcodeInitv
                0x0000000003803a84        0x0 build/src/robot-config.o
                                          0x8 (size before relaxing)
 .ARM.exidx.text._GLOBAL__sub_I_robot_config.cpp
                0x0000000003803a84        0x0 build/src/robot-config.o
                                          0x8 (size before relaxing)
 *(.gnu.linkonce.armexidix.*.*)
                0x0000000003803a84                __exidx_end = .

.rel.dyn        0x0000000003803a84        0x0
 .rel.iplt      0x0000000003803a84        0x0 build/src/main.o

.preinit_array  0x0000000003803a84        0x0
                0x0000000003803a84                __preinit_array_start = .
 *(SORT_BY_NAME(.preinit_array.*))
 *(.preinit_array)
                0x0000000003803a84                __preinit_array_end = .

.init_array     0x0000000003803a84       0x10
                0x0000000003803a84                __init_array_start = .
 *(SORT_BY_NAME(.init_array.*))
 *(.init_array)
 .init_array    0x0000000003803a84        0x4 build/src/main.o
 .init_array    0x0000000003803a88        0x4 build/src/robot-config.o
 .init_array    0x0000000003803a8c        0x4 /Applications/VEXcode V5 Text.app/Contents/Resources/sdk/vexv5/libv5rt.a(vex_triport.cpp.obj)
 .init_array    0x0000000003803a90        0x4 /Applications/VEXcode V5 Text.app/Contents/Resources/sdk/vexv5/libv5rt.a(vex_color.cpp.obj)
                0x0000000003803a94                __init_array_end = .

.fini_array     0x0000000003803a94        0x0
                0x0000000003803a94                __fini_array_start = .
 *(SORT_BY_NAME(.fini_array.*))
 *(.fini_array)
                0x0000000003803a94                __fini_array_end = .

.ARM.attributes
                0x0000000003803a94       0x3c
                0x0000000003803a94                __ARM.attributes_start = .
 *(.ARM.attributes)
 .ARM.attributes
                0x0000000003803a94       0x3a build/src/main.o
 .ARM.attributes
                0x0000000003803ace       0x3a build/src/robot-config.o
 .ARM.attributes
                0x0000000003803b08       0x35 /Applications/VEXcode V5 Text.app/Contents/Resources/sdk/vexv5/libv5rt.a(v5_startup.c.obj)
 .ARM.attributes
                0x0000000003803b3d       0x35 /Applications/VEXcode V5 Text.app/Contents/Resources/sdk/vexv5/libv5rt.a(v5_util.c.obj)
 .ARM.attributes
                0x0000000003803b72       0x35 /Applications/VEXcode V5 Text.app/Contents/Resources/sdk/vexv5/libv5rt.a(v5_apijump.c.obj)
 .ARM.attributes
                0x0000000003803ba7       0x35 /Applications/VEXcode V5 Text.app/Contents/Resources/sdk/vexv5/libv5rt.a(v5_apiversions.c.obj)
 .ARM.attributes
                0x0000000003803bdc       0x35 /Applications/VEXcode V5 Text.app/Contents/Resources/sdk/vexv5/libv5rt.a(vex_global.cpp.obj)
 .ARM.attributes
                0x0000000003803c11       0x35 /Applications/VEXcode V5 Text.app/Contents/Resources/sdk/vexv5/libv5rt.a(vex_motor.cpp.obj)
 .ARM.attributes
                0x0000000003803c46       0x35 /Applications/VEXcode V5 Text.app/Contents/Resources/sdk/vexv5/libv5rt.a(vex_controller.cpp.obj)
 .ARM.attributes
                0x0000000003803c7b       0x35 /Applications/VEXcode V5 Text.app/Contents/Resources/sdk/vexv5/libv5rt.a(vex_task.cpp.obj)
 .ARM.attributes
                0x0000000003803cb0       0x35 /Applications/VEXcode V5 Text.app/Contents/Resources/sdk/vexv5/libv5rt.a(vex_thread.cpp.obj)
 .ARM.attributes
                0x0000000003803ce5       0x35 /Applications/VEXcode V5 Text.app/Contents/Resources/sdk/vexv5/libv5rt.a(vex_event.cpp.obj)
 .ARM.attributes
                0x0000000003803d1a       0x35 /Applications/VEXcode V5 Text.app/Contents/Resources/sdk/vexv5/libv5rt.a(vex_mevent.cpp.obj)
 .ARM.attributes
                0x0000000003803d4f       0x35 /Applications/VEXcode V5 Text.app/Contents/Resources/sdk/vexv5/libv5rt.a(vex_brain.cpp.obj)
 .ARM.attributes
                0x0000000003803d84       0x35 /Applications/VEXcode V5 Text.app/Contents/Resources/sdk/vexv5/libv5rt.a(vex_triport.cpp.obj)
 .ARM.attributes
                0x0000000003803db9       0x35 /Applications/VEXcode V5 Text.app/Contents/Resources/sdk/vexv5/libv5rt.a(vex_color.cpp.obj)
 .ARM.attributes
                0x0000000003803dee       0x35 /Applications/VEXcode V5 Text.app/Contents/Resources/sdk/vexv5/libv5rt.a(vex_timer.cpp.obj)
 .ARM.attributes
                0x0000000003803e23       0x35 /Applications/VEXcode V5 Text.app/Contents/Resources/sdk/vexv5/libv5rt.a(vex_motorgroup.cpp.obj)
 .ARM.attributes
                0x0000000003803e58       0x35 /Applications/VEXcode V5 Text.app/Contents/Resources/sdk/vexv5/libv5rt.a(vex_drivetrain.cpp.obj)
 .ARM.attributes
                0x0000000003803e8d       0x35 /Applications/VEXcode V5 Text.app/Contents/Resources/sdk/vexv5/libv5rt.a(vex_smartdrive.cpp.obj)
 .ARM.attributes
                0x0000000003803ec2       0x35 /Applications/VEXcode V5 Text.app/Contents/Resources/sdk/vexv5/libv5rt.a(v5_apiuser.c.obj)
 .ARM.attributes
                0x0000000003803ef7       0x35 /Applications/VEXcode V5 Text.app/Contents/Resources/sdk/vexv5/libv5rt.a(vex_device.cpp.obj)
 .ARM.attributes
                0x0000000003803f2c       0x2b /Applications/VEXcode V5 Text.app/Contents/Resources/sdk/vexv5/gcc/libs/libc.a(lib_a-fini.o)
 .ARM.attributes
                0x0000000003803f57       0x2b /Applications/VEXcode V5 Text.app/Contents/Resources/sdk/vexv5/gcc/libs/libc.a(lib_a-impure.o)
 .ARM.attributes
                0x0000000003803f82       0x2b /Applications/VEXcode V5 Text.app/Contents/Resources/sdk/vexv5/gcc/libs/libc.a(lib_a-init.o)
                0x0000000003803fad                __ARM.attributes_end = .

.sdata          0x0000000003803a94        0x0
                0x0000000003803a94                __sdata_start = .
 *(.sdata)
 *(.sdata.*)
 *(.gnu.linkonce.s.*)
                0x0000000003803a94                __sdata_end = .

.sbss           0x0000000003803a94        0x0
                0x0000000003803a94                __sbss_start = .
 *(.sbss)
 *(.sbss.*)
 *(.gnu.linkonce.sb.*)
                0x0000000003803a94                __sbss_end = .

.tdata          0x0000000003803a94        0x0
                0x0000000003803a94                __tdata_start = .
 *(.tdata)
 *(.tdata.*)
 *(.gnu.linkonce.td.*)
                0x0000000003803a94                __tdata_end = .

.tbss           0x0000000003803a94        0x0
                0x0000000003803a94                __tbss_start = .
 *(.tbss)
 *(.tbss.*)
 *(.gnu.linkonce.tb.*)
                0x0000000003803a94                __tbss_end = .

.bss            0x0000000003803a98      0x739
                0x0000000003803a98                __bss_start = .
 *(.bss)
 *(.bss.*)
 .bss.Mover     0x0000000003803a98       0x48 build/src/main.o
                0x0000000003803a98                Mover
 .bss.DriveTrain
                0x0000000003803ae0       0xf0 build/src/main.o
                0x0000000003803ae0                DriveTrain
 .bss.Brain     0x0000000003803bd0      0x2dc build/src/robot-config.o
                0x0000000003803bd0                Brain
 .bss.Controller1
                0x0000000003803eac      0x1e0 build/src/robot-config.o
                0x0000000003803eac                Controller1
 .bss.R         0x000000000380408c       0x24 build/src/robot-config.o
                0x000000000380408c                R
 .bss.L         0x00000000038040b0       0x24 build/src/robot-config.o
                0x00000000038040b0                L
 .bss.M1        0x00000000038040d4       0x24 build/src/robot-config.o
                0x00000000038040d4                M1
 .bss.M2        0x00000000038040f8       0x24 build/src/robot-config.o
                0x00000000038040f8                M2
 .bss.Grip      0x000000000380411c       0x24 build/src/robot-config.o
                0x000000000380411c                Grip
 .bss.Gyro      0x0000000003804140       0x24 build/src/robot-config.o
                0x0000000003804140                Gyro
 .bss.__dso_handle
                0x0000000003804164        0x4 /Applications/VEXcode V5 Text.app/Contents/Resources/sdk/vexv5/libv5rt.a(v5_startup.c.obj)
                0x0000000003804164                __dso_handle
 .bss._ZN3vex7primaryE
                0x0000000003804168        0x4 /Applications/VEXcode V5 Text.app/Contents/Resources/sdk/vexv5/libv5rt.a(vex_global.cpp.obj)
                0x0000000003804168                vex::primary
 .bss._ZN3vex7forwardE
                0x000000000380416c        0x4 /Applications/VEXcode V5 Text.app/Contents/Resources/sdk/vexv5/libv5rt.a(vex_global.cpp.obj)
                0x000000000380416c                vex::forward
 .bss._ZN3vex7degreesE
                0x0000000003804170        0x4 /Applications/VEXcode V5 Text.app/Contents/Resources/sdk/vexv5/libv5rt.a(vex_global.cpp.obj)
                0x0000000003804170                vex::degrees
 .bss._ZN3vex7percentE
                0x0000000003804174        0x4 /Applications/VEXcode V5 Text.app/Contents/Resources/sdk/vexv5/libv5rt.a(vex_global.cpp.obj)
                0x0000000003804174                vex::percent
 .bss._ZN3vex2mmE
                0x0000000003804178        0x4 /Applications/VEXcode V5 Text.app/Contents/Resources/sdk/vexv5/libv5rt.a(vex_global.cpp.obj)
                0x0000000003804178                vex::mm
 .bss._ZStL8__ioinit
                0x000000000380417c        0x1 /Applications/VEXcode V5 Text.app/Contents/Resources/sdk/vexv5/libv5rt.a(vex_triport.cpp.obj)
 *fill*         0x000000000380417d        0x3 
 .bss._ZN3vex5color6orangeE
                0x0000000003804180        0x8 /Applications/VEXcode V5 Text.app/Contents/Resources/sdk/vexv5/libv5rt.a(vex_color.cpp.obj)
                0x0000000003804180                vex::color::orange
 .bss._ZN3vex5color5blackE
                0x0000000003804188        0x8 /Applications/VEXcode V5 Text.app/Contents/Resources/sdk/vexv5/libv5rt.a(vex_color.cpp.obj)
                0x0000000003804188                vex::color::black
 .bss._ZN3vex5color6yellowE
                0x0000000003804190        0x8 /Applications/VEXcode V5 Text.app/Contents/Resources/sdk/vexv5/libv5rt.a(vex_color.cpp.obj)
                0x0000000003804190                vex::color::yellow
 .bss._ZN3vex5color5greenE
                0x0000000003804198        0x8 /Applications/VEXcode V5 Text.app/Contents/Resources/sdk/vexv5/libv5rt.a(vex_color.cpp.obj)
                0x0000000003804198                vex::color::green
 .bss._ZN3vex5color6purpleE
                0x00000000038041a0        0x8 /Applications/VEXcode V5 Text.app/Contents/Resources/sdk/vexv5/libv5rt.a(vex_color.cpp.obj)
                0x00000000038041a0                vex::color::purple
 .bss._ZN3vex5color4cyanE
                0x00000000038041a8        0x8 /Applications/VEXcode V5 Text.app/Contents/Resources/sdk/vexv5/libv5rt.a(vex_color.cpp.obj)
                0x00000000038041a8                vex::color::cyan
 .bss._ZN3vex5color4blueE
                0x00000000038041b0        0x8 /Applications/VEXcode V5 Text.app/Contents/Resources/sdk/vexv5/libv5rt.a(vex_color.cpp.obj)
                0x00000000038041b0                vex::color::blue
 .bss._ZN3vex5color3redE
                0x00000000038041b8        0x8 /Applications/VEXcode V5 Text.app/Contents/Resources/sdk/vexv5/libv5rt.a(vex_color.cpp.obj)
                0x00000000038041b8                vex::color::red
 .bss._ZN3vex5color11transparentE
                0x00000000038041c0        0x8 /Applications/VEXcode V5 Text.app/Contents/Resources/sdk/vexv5/libv5rt.a(vex_color.cpp.obj)
                0x00000000038041c0                vex::color::transparent
 .bss._ZN3vex5color5whiteE
                0x00000000038041c8        0x8 /Applications/VEXcode V5 Text.app/Contents/Resources/sdk/vexv5/libv5rt.a(vex_color.cpp.obj)
                0x00000000038041c8                vex::color::white
 *(.gnu.linkonce.b.*)
 *(COMMON)
 COMMON         0x00000000038041d0        0x1 /Applications/VEXcode V5 Text.app/Contents/Resources/sdk/vexv5/libv5rt.a(v5_startup.c.obj)
                0x00000000038041d0                __vex_critical_section
                0x00000000038041d1                __bss_end = .
                0x0000000003803a94                _SDA_BASE_ = (__sdata_start + ((__sbss_end - __sdata_start) / 0x2))
                0x0000000003803634                _SDA2_BASE_ = (__sdata2_start + ((__sbss2_end - __sdata2_start) / 0x2))

.heap           0x00000000038041d1   0x10000f
                0x00000000038041e0                . = ALIGN (0x10)
 *fill*         0x00000000038041d1        0xf 
                0x00000000038041e0                _heap = .
                0x00000000038041e0                HeapBase = .
                0x00000000038041e0                _heap_start = .
                0x00000000039041e0                . = (. + _HEAP_SIZE)
 *fill*         0x00000000038041e0   0x100000 
                0x00000000039041e0                _heap_end = .
                0x00000000039041e0                HeapLimit = .

.stack          0x00000000039041e0     0x3800
                0x00000000039041e0                . = ALIGN (0x10)
                0x00000000039041e0                _stack_end = .
                0x00000000039061e0                . = (. + _STACK_SIZE)
 *fill*         0x00000000039041e0     0x2000 
                0x00000000039061e0                . = ALIGN (0x10)
                0x00000000039061e0                _stack = .
                0x00000000039061e0                __stack = _stack
                0x00000000039061e0                . = ALIGN (0x10)
                0x00000000039061e0                _irq_stack_end = .
                0x00000000039065e0                . = (. + _IRQ_STACK_SIZE)
 *fill*         0x00000000039061e0      0x400 
                0x00000000039065e0                . = ALIGN (0x10)
                0x00000000039065e0                __irq_stack = .
                0x00000000039065e0                _supervisor_stack_end = .
                0x0000000003906de0                . = (. + _SUPERVISOR_STACK_SIZE)
 *fill*         0x00000000039065e0      0x800 
                0x0000000003906de0                . = ALIGN (0x10)
                0x0000000003906de0                __supervisor_stack = .
                0x0000000003906de0                _abort_stack_end = .
                0x00000000039071e0                . = (. + _ABORT_STACK_SIZE)
 *fill*         0x0000000003906de0      0x400 
                0x00000000039071e0                . = ALIGN (0x10)
                0x00000000039071e0                __abort_stack = .
                0x00000000039071e0                _fiq_stack_end = .
                0x00000000039075e0                . = (. + _FIQ_STACK_SIZE)
 *fill*         0x00000000039071e0      0x400 
                0x00000000039075e0                . = ALIGN (0x10)
                0x00000000039075e0                __fiq_stack = .
                0x00000000039075e0                _undef_stack_end = .
                0x00000000039079e0                . = (. + _UNDEF_STACK_SIZE)
 *fill*         0x00000000039075e0      0x400 
                0x00000000039079e0                . = ALIGN (0x10)
                0x00000000039079e0                __undef_stack = .
                0x00000000039079e0                _end = .
LOAD /Applications/VEXcode V5 Text.app/Contents/Resources/sdk/vexv5/stdlib_0.lib
LOAD build/src/auton.o
LOAD build/src/main.o
LOAD build/src/robot-config.o
START GROUP
LOAD /Applications/VEXcode V5 Text.app/Contents/Resources/sdk/vexv5/libv5rt.a
LOAD /Applications/VEXcode V5 Text.app/Contents/Resources/sdk/vexv5/gcc/libs/libstdc++.a
LOAD /Applications/VEXcode V5 Text.app/Contents/Resources/sdk/vexv5/gcc/libs/libc.a
LOAD /Applications/VEXcode V5 Text.app/Contents/Resources/sdk/vexv5/gcc/libs/libm.a
LOAD /Applications/VEXcode V5 Text.app/Contents/Resources/sdk/vexv5/gcc/libs/libgcc.a
END GROUP
OUTPUT(build/Maincode.elf elf32-littlearm)

.comment        0x0000000000000000       0x9d
 .comment       0x0000000000000000       0x2d build/src/main.o
                                         0x2e (size before relaxing)
 .comment       0x000000000000002d       0x2e build/src/robot-config.o
 .comment       0x000000000000002d       0x70 /Applications/VEXcode V5 Text.app/Contents/Resources/sdk/vexv5/libv5rt.a(v5_startup.c.obj)
                                         0x71 (size before relaxing)
 .comment       0x000000000000009d       0x71 /Applications/VEXcode V5 Text.app/Contents/Resources/sdk/vexv5/libv5rt.a(v5_util.c.obj)
 .comment       0x000000000000009d       0x71 /Applications/VEXcode V5 Text.app/Contents/Resources/sdk/vexv5/libv5rt.a(v5_apijump.c.obj)
 .comment       0x000000000000009d       0x71 /Applications/VEXcode V5 Text.app/Contents/Resources/sdk/vexv5/libv5rt.a(v5_apiversions.c.obj)
 .comment       0x000000000000009d       0x71 /Applications/VEXcode V5 Text.app/Contents/Resources/sdk/vexv5/libv5rt.a(vex_global.cpp.obj)
 .comment       0x000000000000009d       0x71 /Applications/VEXcode V5 Text.app/Contents/Resources/sdk/vexv5/libv5rt.a(vex_motor.cpp.obj)
 .comment       0x000000000000009d       0x71 /Applications/VEXcode V5 Text.app/Contents/Resources/sdk/vexv5/libv5rt.a(vex_controller.cpp.obj)
 .comment       0x000000000000009d       0x71 /Applications/VEXcode V5 Text.app/Contents/Resources/sdk/vexv5/libv5rt.a(vex_task.cpp.obj)
 .comment       0x000000000000009d       0x71 /Applications/VEXcode V5 Text.app/Contents/Resources/sdk/vexv5/libv5rt.a(vex_thread.cpp.obj)
 .comment       0x000000000000009d       0x71 /Applications/VEXcode V5 Text.app/Contents/Resources/sdk/vexv5/libv5rt.a(vex_event.cpp.obj)
 .comment       0x000000000000009d       0x71 /Applications/VEXcode V5 Text.app/Contents/Resources/sdk/vexv5/libv5rt.a(vex_mevent.cpp.obj)
 .comment       0x000000000000009d       0x71 /Applications/VEXcode V5 Text.app/Contents/Resources/sdk/vexv5/libv5rt.a(vex_brain.cpp.obj)
 .comment       0x000000000000009d       0x71 /Applications/VEXcode V5 Text.app/Contents/Resources/sdk/vexv5/libv5rt.a(vex_triport.cpp.obj)
 .comment       0x000000000000009d       0x71 /Applications/VEXcode V5 Text.app/Contents/Resources/sdk/vexv5/libv5rt.a(vex_color.cpp.obj)
 .comment       0x000000000000009d       0x71 /Applications/VEXcode V5 Text.app/Contents/Resources/sdk/vexv5/libv5rt.a(vex_timer.cpp.obj)
 .comment       0x000000000000009d       0x71 /Applications/VEXcode V5 Text.app/Contents/Resources/sdk/vexv5/libv5rt.a(vex_motorgroup.cpp.obj)
 .comment       0x000000000000009d       0x71 /Applications/VEXcode V5 Text.app/Contents/Resources/sdk/vexv5/libv5rt.a(vex_drivetrain.cpp.obj)
 .comment       0x000000000000009d       0x71 /Applications/VEXcode V5 Text.app/Contents/Resources/sdk/vexv5/libv5rt.a(vex_smartdrive.cpp.obj)
 .comment       0x000000000000009d       0x71 /Applications/VEXcode V5 Text.app/Contents/Resources/sdk/vexv5/libv5rt.a(v5_apiuser.c.obj)
 .comment       0x000000000000009d       0x71 /Applications/VEXcode V5 Text.app/Contents/Resources/sdk/vexv5/libv5rt.a(vex_device.cpp.obj)

.note.GNU-stack
                0x0000000000000000        0x0
 .note.GNU-stack
                0x0000000000000000        0x0 build/src/main.o
 .note.GNU-stack
                0x0000000000000000        0x0 build/src/robot-config.o

.debug_frame    0x0000000000000000       0x60
 .debug_frame   0x0000000000000000       0x34 /Applications/VEXcode V5 Text.app/Contents/Resources/sdk/vexv5/gcc/libs/libc.a(lib_a-fini.o)
 .debug_frame   0x0000000000000034       0x2c /Applications/VEXcode V5 Text.app/Contents/Resources/sdk/vexv5/gcc/libs/libc.a(lib_a-init.o)
